libtool: install: cp ./.libs/utils.so /opt/utils/ext/modules/utils.so
libtool: install: cp ./.libs/utils.lai /opt/utils/ext/modules/utils.la
libtool: finish: PATH="/usr/local/rvm/gems/ruby-2.4.1/bin:/usr/local/rvm/gems/ruby-2.4.1@global/bin:/usr/local/rvm/rubies/ruby-2.4.1/bin:/usr/local/bin:/usr/local/sbin:/usr/bin:/usr/sbin:/bin:/sbin:/usr/local/rvm/bin:/home/wieslawamilczuk/.local/bin:/home/wieslawamilczuk/bin:/usr/local/bin:/opt/remi/php71/root/usr/bin:/sbin" ldconfig -n /opt/utils/ext/modules
----------------------------------------------------------------------
Libraries have been installed in:
   /opt/utils/ext/modules

If you ever happen to want to link against installed libraries
in a given directory, LIBDIR, you must either use libtool, and
specify the full pathname of the library, or use the `-LLIBDIR'
flag during linking and do at least one of the following:
   - add LIBDIR to the `LD_LIBRARY_PATH' environment variable
     during execution
   - add LIBDIR to the `LD_RUN_PATH' environment variable
     during linking
   - use the `-Wl,-rpath -Wl,LIBDIR' linker flag
   - have your system administrator add LIBDIR to `/etc/ld.so.conf'

See any operating system documentation about shared libraries for
more information, such as the ld(1) and ld.so(8) manual pages.
----------------------------------------------------------------------

Build complete.
Don't forget to run 'make test'.


Build complete.
Don't forget to run 'make test'.

Installing shared extensions:     /opt/remi/php71/root/usr/lib64/php/modules/
Installing header files:          /opt/remi/php71/root/usr/include/php/
